Hello there
Adding files to remote repository..........
jnj info@ADlenovo MINGW64 ~/Documents/mekvahan/TCS (master)
$ git init
Initialized empty Git repository in C:/Users/jnj info/Documents/mekvahan/TCS/.git/

jnj info@ADlenovo MINGW64 ~/Documents/mekvahan/TCS (master)
$ git remote add origin https://github.com/Adil-Mirza/Test.git

jnj info@ADlenovo MINGW64 ~/Documents/mekvahan/TCS (master)
$ git add Tcs1.java

jnj info@ADlenovo MINGW64 ~/Documents/mekvahan/TCS (master)
$ git commit -m "first"
[master (root-commit) eebd926] first
 1 file changed, 14 insertions(+)
 create mode 100644 Tcs1.java

jnj info@ADlenovo MINGW64 ~/Documents/mekvahan/TCS (master)
$ git push -u origin main
error: src refspec main does not match any
error: failed to push some refs to 'https://github.com/Adil-Mirza/Test.git'

jnj info@ADlenovo MINGW64 ~/Documents/mekvahan/TCS (master)
$ git push -u origin master
Enumerating objects: 3, done.
Counting objects: 100% (3/3), done.
Delta compression using up to 4 threads
Compressing objects: 100% (2/2), done.
Writing objects: 100% (3/3), 412 bytes | 11.00 KiB/s, done.
Total 3 (delta 0), reused 0 (delta 0), pack-reused 0
To https://github.com/Adil-Mirza/Test.git
 * [new branch]      master -> master
Branch 'master' set up to track remote branch 'master' from 'origin'.

jnj info@ADlenovo MINGW64 ~/Documents/mekvahan/TCS (master)
$
